--------------------------------------------------------------------------------
Release 14.7 Trace  (nt64)
Copyright (c) 1995-2013 Xilinx, Inc.  All rights reserved.

D:\NewFolder\14.7\ISE_DS\ISE\bin\nt64\unwrapped\trce.exe -intstyle ise -v 3 -s
4 -n 3 -fastpaths -xml alu_topp.twx alu_topp.ncd -o alu_topp.twr alu_topp.pcf

Design file:              alu_topp.ncd
Physical constraint file: alu_topp.pcf
Device,package,speed:     xc3s500e,fg320,-4 (PRODUCTION 1.27 2013-10-13)
Report level:             verbose report

Environment Variable      Effect 
--------------------      ------ 
NONE                      No environment variables were set
--------------------------------------------------------------------------------

INFO:Timing:2698 - No timing constraints found, doing default enumeration.
INFO:Timing:3412 - To improve timing, see the Timing Closure User Guide (UG612).
INFO:Timing:2752 - To get complete path coverage, use the unconstrained paths 
   option. All paths that are not constrained will be reported in the 
   unconstrained paths section(s) of the report.
INFO:Timing:3339 - The clock-to-out numbers in this timing report are based on 
   a 50 Ohm transmission line loading model.  For the details of this model, 
   and for more information on accounting for different loading conditions, 
   please see the device datasheet.
INFO:Timing:3390 - This architecture does not support a default System Jitter 
   value, please add SYSTEM_JITTER constraint to the UCF to modify the Clock 
   Uncertainty calculation.
INFO:Timing:3389 - This architecture does not support 'Discrete Jitter' and 
   'Phase Error' calculations, these terms will be zero in the Clock 
   Uncertainty calculation.  Please make appropriate modification to 
   SYSTEM_JITTER to account for the unsupported Discrete Jitter and Phase 
   Error.



Data Sheet report:
-----------------
All values displayed in nanoseconds (ns)

Pad to Pad
---------------+---------------+---------+
Source Pad     |Destination Pad|  Delay  |
---------------+---------------+---------+
a<0>           |r<0>           |   12.550|
a<0>           |r<1>           |   12.054|
a<0>           |r<2>           |   12.878|
a<0>           |r<3>           |   12.475|
a<0>           |r<4>           |   12.085|
a<0>           |r<5>           |   12.045|
a<0>           |r<6>           |   12.924|
a<0>           |r<7>           |   13.140|
a<1>           |r<1>           |   12.003|
a<1>           |r<2>           |   12.827|
a<1>           |r<3>           |   12.424|
a<1>           |r<4>           |   12.034|
a<1>           |r<5>           |   11.994|
a<1>           |r<6>           |   12.873|
a<1>           |r<7>           |   13.089|
a<2>           |r<2>           |   12.965|
a<2>           |r<3>           |   12.562|
a<2>           |r<4>           |   12.172|
a<2>           |r<5>           |   12.132|
a<2>           |r<6>           |   13.011|
a<2>           |r<7>           |   13.227|
a<3>           |r<3>           |   12.567|
a<3>           |r<4>           |   12.177|
a<3>           |r<5>           |   12.137|
a<3>           |r<6>           |   13.016|
a<3>           |r<7>           |   13.232|
b<0>           |r<0>           |   13.205|
b<0>           |r<1>           |   12.709|
b<0>           |r<2>           |   13.533|
b<0>           |r<3>           |   13.130|
b<0>           |r<4>           |   12.740|
b<0>           |r<5>           |   12.700|
b<0>           |r<6>           |   13.579|
b<0>           |r<7>           |   13.795|
b<1>           |r<1>           |   11.813|
b<1>           |r<2>           |   12.637|
b<1>           |r<3>           |   12.234|
b<1>           |r<4>           |   11.844|
b<1>           |r<5>           |   11.804|
b<1>           |r<6>           |   12.683|
b<1>           |r<7>           |   12.899|
b<2>           |r<2>           |   12.889|
b<2>           |r<3>           |   12.486|
b<2>           |r<4>           |   12.096|
b<2>           |r<5>           |   12.056|
b<2>           |r<6>           |   12.935|
b<2>           |r<7>           |   13.151|
b<3>           |r<3>           |   12.566|
b<3>           |r<4>           |   12.176|
b<3>           |r<5>           |   12.136|
b<3>           |r<6>           |   13.015|
b<3>           |r<7>           |   13.231|
f<0>           |r<0>           |    8.008|
f<0>           |r<1>           |    8.920|
f<0>           |r<2>           |    9.770|
f<0>           |r<3>           |   11.095|
f<0>           |r<4>           |   12.198|
f<0>           |r<5>           |   11.355|
f<0>           |r<6>           |   11.686|
f<0>           |r<7>           |   12.038|
f<1>           |r<1>           |    7.935|
f<1>           |r<2>           |    6.945|
f<1>           |r<3>           |    7.408|
f<1>           |r<4>           |    8.197|
f<1>           |r<5>           |    6.318|
f<1>           |r<6>           |    7.043|
f<1>           |r<7>           |    7.317|
f<2>           |r<0>           |    7.732|
f<2>           |r<1>           |    7.136|
f<2>           |r<2>           |    7.589|
f<2>           |r<3>           |    7.824|
f<2>           |r<4>           |    8.243|
f<2>           |r<5>           |    7.343|
f<2>           |r<6>           |    7.768|
f<2>           |r<7>           |    7.392|
---------------+---------------+---------+


Analysis completed Thu Jan 18 20:00:45 2024 
--------------------------------------------------------------------------------

Trace Settings:
-------------------------
Trace Settings 

Peak Memory Usage: 4518 MB



